             VMA              LMA     Size Align Out     In      Symbol
               0                0 40000000     1 . = 0x40000000
        40000000         40000000     54e8  2048 .text
        40000000         40000000      840  2048         /Users/mac8684/Documents/agentos/aginx-os/target/aarch64-aginx/release/build/aginx-kernel-edb6a5b1a25122b4/out/libentry.a(81a71fbc30f7fcce-entry.o):(.text.vector_table)
        40000000         40000000        0     1                 $x
        40000000         40000000        0     1                 vector_table
        40000784         40000784        0     1                 hang
        4000078c         4000078c        0     1                 exc_sync_spx
        40000798         40000798        0     1                 exc_irq_spx
        40000840         40000840       80     8         /Users/mac8684/Documents/agentos/aginx-os/target/aarch64-aginx/release/build/aginx-kernel-edb6a5b1a25122b4/out/libentry.a(81a71fbc30f7fcce-entry.o):(.text._start)
        40000840         40000840        0     1                 $x
        40000840         40000840        0     1                 _start
        40000860         40000860        0     1                 bss_loop
        40000870         40000870        0     1                 bss_done
        40000890         40000890        0     1                 $d
        400008c0         400008c0       10    16         /Users/mac8684/Documents/agentos/aginx-os/target/aarch64-aginx/release/deps/aginx_kernel-2dd9713e4b809b9d.aginx_kernel.b16f334f4ea2b851-cgu.0.rcgu.o:(.text._RNvCs9bzLXfDCDh5_7___rustc12___rust_alloc)
        400008c0         400008c0        0     1                 $x
        400008c0         400008c0       10     1                 __rustc::__rust_alloc
        400008d0         400008d0       74    16         /Users/mac8684/Documents/agentos/aginx-os/target/aarch64-aginx/release/deps/aginx_kernel-2dd9713e4b809b9d.aginx_kernel.b16f334f4ea2b851-cgu.0.rcgu.o:(.text._RNvCs9bzLXfDCDh5_7___rustc14___rust_realloc)
        400008d0         400008d0        0     1                 $x
        400008d0         400008d0       74     1                 __rustc::__rust_realloc
        40000960         40000960      128    32         /Users/mac8684/Documents/agentos/aginx-os/target/aarch64-aginx/release/deps/aginx_kernel-2dd9713e4b809b9d.aginx_kernel.b16f334f4ea2b851-cgu.0.rcgu.o:(.text._RNvCs9bzLXfDCDh5_7___rustc17rust_begin_unwind)
        40000960         40000960        0     1                 $x
        40000960         40000960      128     1                 __rustc::rust_begin_unwind
        40000a90         40000a90        4    16         /Users/mac8684/Documents/agentos/aginx-os/target/aarch64-aginx/release/deps/aginx_kernel-2dd9713e4b809b9d.aginx_kernel.b16f334f4ea2b851-cgu.0.rcgu.o:(.text._RNvCs9bzLXfDCDh5_7___rustc8___rg_oom)
        40000a90         40000a90        0     1                 $x
        40000a90         40000a90        4     1                 __rustc::__rg_oom
        40000aa0         40000aa0       a8    32         /Users/mac8684/Documents/agentos/aginx-os/target/aarch64-aginx/release/deps/aginx_kernel-2dd9713e4b809b9d.aginx_kernel.b16f334f4ea2b851-cgu.0.rcgu.o:(.text._ZN12aginx_kernel11alloc_error17h43d7b21af25b42e7E)
        40000aa0         40000aa0       a8     1                 aginx_kernel::alloc_error::h43d7b21af25b42e7
        40000aa0         40000aa0        0     1                 $x
        40000b60         40000b60      5d4    32         /Users/mac8684/Documents/agentos/aginx-os/target/aarch64-aginx/release/deps/aginx_kernel-2dd9713e4b809b9d.aginx_kernel.b16f334f4ea2b851-cgu.0.rcgu.o:(.text._ZN12aginx_kernel9print_dec17ha2a3693a70f946d5E)
        40000b60         40000b60      5d4     1                 aginx_kernel::print_dec::ha2a3693a70f946d5
        40000b60         40000b60        0     1                 $x
        40001140         40001140      210    32         /Users/mac8684/Documents/agentos/aginx-os/target/aarch64-aginx/release/deps/aginx_kernel-2dd9713e4b809b9d.aginx_kernel.b16f334f4ea2b851-cgu.0.rcgu.o:(.text._ZN12aginx_kernel9print_hex17h5bbb34ea443ca431E)
        40001140         40001140      210     1                 aginx_kernel::print_hex::h5bbb34ea443ca431
        40001140         40001140        0     1                 $x
        40001350         40001350       74    16         /Users/mac8684/Documents/agentos/aginx-os/target/aarch64-aginx/release/deps/aginx_kernel-2dd9713e4b809b9d.aginx_kernel.b16f334f4ea2b851-cgu.0.rcgu.o:(.text.handle_irq)
        40001350         40001350        0     1                 $x
        40001350         40001350       74     1                 handle_irq
        400013e0         400013e0     22fc    32         /Users/mac8684/Documents/agentos/aginx-os/target/aarch64-aginx/release/deps/aginx_kernel-2dd9713e4b809b9d.aginx_kernel.b16f334f4ea2b851-cgu.0.rcgu.o:(.text.rust_main)
        400013e0         400013e0        0     1                 $x
        400013e0         400013e0     22fc     1                 rust_main
        400036e0         400036e0        4    16         /Users/mac8684/Documents/agentos/aginx-os/target/aarch64-aginx/release/deps/aginx_kernel-2dd9713e4b809b9d.5joa3uwspipefectxhdb6ktyn.rcgu.o:(.text._RNvCs9bzLXfDCDh5_7___rustc26___rust_alloc_error_handler)
        400036e0         400036e0        0     1                 $x
        400036e0         400036e0        4     1                 __rustc::__rust_alloc_error_handler
        400036f0         400036f0        4    16         /Users/mac8684/Documents/agentos/aginx-os/target/aarch64-aginx/release/deps/aginx_kernel-2dd9713e4b809b9d.5joa3uwspipefectxhdb6ktyn.rcgu.o:(.text._RNvCs9bzLXfDCDh5_7___rustc35___rust_no_alloc_shim_is_unstable_v2)
        400036f0         400036f0        0     1                 $x
        400036f0         400036f0        4     1                 __rustc::__rust_no_alloc_shim_is_unstable_v2
        40003700         40003700       7c    16         /Users/mac8684/Documents/agentos/aginx-os/target/aarch64-aginx/release/deps/liblinked_list_allocator-a3d127e1636f8e62.rlib(linked_list_allocator-a3d127e1636f8e62.linked_list_allocator.992a4f08e3b01493-cgu.0.rcgu.o):(.text._ZN21linked_list_allocator4Heap4init17h36738b939f407291E)
        40003700         40003700        0     1                 $x
        40003700         40003700       7c     1                 linked_list_allocator::Heap::init::h36738b939f407291
        40003780         40003780      304    32         /Users/mac8684/Documents/agentos/aginx-os/target/aarch64-aginx/release/deps/liblinked_list_allocator-a3d127e1636f8e62.rlib(linked_list_allocator-a3d127e1636f8e62.linked_list_allocator.992a4f08e3b01493-cgu.0.rcgu.o):(.text._ZN21linked_list_allocator4hole8HoleList10deallocate17hd401266324a2ed07E)
        40003780         40003780        0     1                 $x
        40003780         40003780      304     1                 linked_list_allocator::hole::HoleList::deallocate::hd401266324a2ed07
        40003aa0         40003aa0      1e8    32         /Users/mac8684/Documents/agentos/aginx-os/target/aarch64-aginx/release/deps/liblinked_list_allocator-a3d127e1636f8e62.rlib(linked_list_allocator-a3d127e1636f8e62.linked_list_allocator.992a4f08e3b01493-cgu.0.rcgu.o):(.text._ZN21linked_list_allocator4hole8HoleList18allocate_first_fit17h23f5fb54897804eaE)
        40003aa0         40003aa0        0     1                 $x
        40003aa0         40003aa0      1e8     1                 linked_list_allocator::hole::HoleList::allocate_first_fit::h23f5fb54897804ea
        40003c90         40003c90        8    16         /Users/mac8684/Documents/agentos/aginx-os/target/aarch64-aginx/release/deps/liblinked_list_allocator-a3d127e1636f8e62.rlib(linked_list_allocator-a3d127e1636f8e62.linked_list_allocator.992a4f08e3b01493-cgu.0.rcgu.o):(.text._ZN50_$LT$$BP$mut$u20$T$u20$as$u20$core..fmt..Debug$GT$3fmt17h1bbc86bc9746eb4dE)
        40003c90         40003c90        8     1                 _$LT$$BP$mut$u20$T$u20$as$u20$core..fmt..Debug$GT$::fmt::h1bbc86bc9746eb4d
        40003c90         40003c90        0     1                 $x
        40003ca0         40003ca0       14    16         /Users/mac8684/Documents/agentos/aginx-os/target/aarch64-aginx/release/deps/liblinked_list_allocator-a3d127e1636f8e62.rlib(linked_list_allocator-a3d127e1636f8e62.linked_list_allocator.992a4f08e3b01493-cgu.0.rcgu.o):(.text._ZN69_$LT$core..alloc..layout..LayoutError$u20$as$u20$core..fmt..Debug$GT$3fmt17h172224d321e53b09E)
        40003ca0         40003ca0       14     1                 _$LT$core..alloc..layout..LayoutError$u20$as$u20$core..fmt..Debug$GT$::fmt::h172224d321e53b09
        40003ca0         40003ca0        0     1                 $x
        40003cc0         40003cc0       70    16         /Users/mac8684/Documents/agentos/aginx-os/target/aarch64-aginx/release/deps/liblinked_list_allocator-a3d127e1636f8e62.rlib(linked_list_allocator-a3d127e1636f8e62.linked_list_allocator.992a4f08e3b01493-cgu.0.rcgu.o):(.text._ZN86_$LT$linked_list_allocator..LockedHeap$u20$as$u20$core..alloc..global..GlobalAlloc$GT$5alloc17h0c79f531c36d946cE)
        40003cc0         40003cc0        0     1                 $x
        40003cc0         40003cc0       70     1                 _$LT$linked_list_allocator..LockedHeap$u20$as$u20$core..alloc..global..GlobalAlloc$GT$::alloc::h0c79f531c36d946c
        40003d30         40003d30       54    16         /Users/mac8684/Documents/agentos/aginx-os/target/aarch64-aginx/release/deps/liblinked_list_allocator-a3d127e1636f8e62.rlib(linked_list_allocator-a3d127e1636f8e62.linked_list_allocator.992a4f08e3b01493-cgu.0.rcgu.o):(.text._ZN86_$LT$linked_list_allocator..LockedHeap$u20$as$u20$core..alloc..global..GlobalAlloc$GT$7dealloc17h00ce2922909fb012E)
        40003d30         40003d30        0     1                 $x
        40003d30         40003d30       54     1                 _$LT$linked_list_allocator..LockedHeap$u20$as$u20$core..alloc..global..GlobalAlloc$GT$::dealloc::h00ce2922909fb012
        40003da0         40003da0       40    32         /Users/mac8684/Documents/agentos/aginx-os/target/aarch64-aginx/release/deps/libspinning_top-3d4b41e8406d3f17.rlib(spinning_top-3d4b41e8406d3f17.spinning_top.d00605cd9c0967ef-cgu.0.rcgu.o):(.text._ZN81_$LT$spinning_top..spinlock..RawSpinlock$u20$as$u20$lock_api..mutex..RawMutex$GT$4lock17hfb594212b6c57955E)
        40003da0         40003da0        0     1                 $x
        40003da0         40003da0       40     1                 _$LT$spinning_top..spinlock..RawSpinlock$u20$as$u20$lock_api..mutex..RawMutex$GT$::lock::hfb594212b6c57955
        40003de0         40003de0        8    16         /Users/mac8684/Documents/agentos/aginx-os/target/aarch64-aginx/release/deps/libspinning_top-3d4b41e8406d3f17.rlib(spinning_top-3d4b41e8406d3f17.spinning_top.d00605cd9c0967ef-cgu.0.rcgu.o):(.text._ZN81_$LT$spinning_top..spinlock..RawSpinlock$u20$as$u20$lock_api..mutex..RawMutex$GT$6unlock17h0b3c338b55e3a06bE)
        40003de0         40003de0        0     1                 $x
        40003de0         40003de0        8     1                 _$LT$spinning_top..spinlock..RawSpinlock$u20$as$u20$lock_api..mutex..RawMutex$GT$::unlock::h0b3c338b55e3a06b
        40003df0         40003df0       74    16         /Users/mac8684/Documents/agentos/aginx-os/target/aarch64-aginx/release/deps/liballoc-a95f3b0fe5448e47.rlib(alloc-a95f3b0fe5448e47.alloc.bd0f4801ad55ab0f-cgu.0.rcgu.o):(.text.unlikely._ZN5alloc7raw_vec11finish_grow17h86dae703d6c38c96E.llvm.11488632273820515192)
        40003df0         40003df0        0     1                 $x
        40003df0         40003df0       74     1                 alloc::raw_vec::finish_grow::h86dae703d6c38c96 (.llvm.11488632273820515192)
        40003e64         40003e64        c     4         /Users/mac8684/Documents/agentos/aginx-os/target/aarch64-aginx/release/deps/liballoc-a95f3b0fe5448e47.rlib(alloc-a95f3b0fe5448e47.alloc.bd0f4801ad55ab0f-cgu.0.rcgu.o):(.text.unlikely._ZN5alloc7raw_vec12handle_error17hc27e28927e1d4a10E)
        40003e64         40003e64        0     1                 $x
        40003e64         40003e64        c     1                 alloc::raw_vec::handle_error::hc27e28927e1d4a10
        40003e70         40003e70       2c    16         /Users/mac8684/Documents/agentos/aginx-os/target/aarch64-aginx/release/deps/liballoc-a95f3b0fe5448e47.rlib(alloc-a95f3b0fe5448e47.alloc.bd0f4801ad55ab0f-cgu.0.rcgu.o):(.text.unlikely._ZN5alloc7raw_vec17capacity_overflow17he69b880c06878ee6E.llvm.11488632273820515192)
        40003e70         40003e70        0     1                 $x
        40003e70         40003e70       2c     1                 alloc::raw_vec::capacity_overflow::he69b880c06878ee6 (.llvm.11488632273820515192)
        40003ea0         40003ea0       88    16         /Users/mac8684/Documents/agentos/aginx-os/target/aarch64-aginx/release/deps/liballoc-a95f3b0fe5448e47.rlib(alloc-a95f3b0fe5448e47.alloc.bd0f4801ad55ab0f-cgu.0.rcgu.o):(.text._ZN5alloc7raw_vec19RawVec$LT$T$C$A$GT$8grow_one17h9daad10e9c2a9ed6E)
        40003ea0         40003ea0        0     1                 $x
        40003ea0         40003ea0       88     1                 alloc::raw_vec::RawVec$LT$T$C$A$GT$::grow_one::h9daad10e9c2a9ed6
        40003f28         40003f28       10     4         /Users/mac8684/Documents/agentos/aginx-os/target/aarch64-aginx/release/deps/liballoc-a95f3b0fe5448e47.rlib(alloc-a95f3b0fe5448e47.alloc.bd0f4801ad55ab0f-cgu.5.rcgu.o):(.text.unlikely._ZN5alloc5alloc18handle_alloc_error17h8fac932b5ae511bcE)
        40003f28         40003f28        0     1                 $x
        40003f28         40003f28       10     1                 alloc::alloc::handle_alloc_error::h8fac932b5ae511bc
        40003f40         40003f40       10    16         /Users/mac8684/Documents/agentos/aginx-os/target/aarch64-aginx/release/deps/libcore-dea5c14f19cb967b.rlib(core-dea5c14f19cb967b.core.cd96b9377012876a-cgu.02.rcgu.o):(.text._ZN42_$LT$$RF$T$u20$as$u20$core..fmt..Debug$GT$3fmt17h9c2c9a1dd8e00e96E)
        40003f40         40003f40        0     1                 $x
        40003f40         40003f40       10     1                 _$LT$$RF$T$u20$as$u20$core..fmt..Debug$GT$::fmt::h9c2c9a1dd8e00e96
        40003f50         40003f50       10    16         /Users/mac8684/Documents/agentos/aginx-os/target/aarch64-aginx/release/deps/libcore-dea5c14f19cb967b.rlib(core-dea5c14f19cb967b.core.cd96b9377012876a-cgu.02.rcgu.o):(.text._ZN44_$LT$$RF$T$u20$as$u20$core..fmt..Display$GT$3fmt17h9a9b1dcabc1f0911E)
        40003f50         40003f50        0     1                 $x
        40003f50         40003f50       10     1                 _$LT$$RF$T$u20$as$u20$core..fmt..Display$GT$::fmt::h9a9b1dcabc1f0911
        40003f60         40003f60       bc    32         /Users/mac8684/Documents/agentos/aginx-os/target/aarch64-aginx/release/deps/libcore-dea5c14f19cb967b.rlib(core-dea5c14f19cb967b.core.cd96b9377012876a-cgu.02.rcgu.o):(.text._ZN4core3fmt17pointer_fmt_inner17h59520982d2121f5aE)
        40003f60         40003f60        0     1                 $x
        40003f60         40003f60       bc     1                 core::fmt::pointer_fmt_inner::h59520982d2121f5a
        40004020         40004020       84    16         /Users/mac8684/Documents/agentos/aginx-os/target/aarch64-aginx/release/deps/libcore-dea5c14f19cb967b.rlib(core-dea5c14f19cb967b.core.cd96b9377012876a-cgu.02.rcgu.o):(.text._ZN4core3fmt9Formatter12pad_integral12write_prefix17h13db42c384c0f4d8E)
        40004020         40004020       84     1                 core::fmt::Formatter::pad_integral::write_prefix::h13db42c384c0f4d8
        40004020         40004020        0     1                 $x
        400040c0         400040c0      3cc    32         /Users/mac8684/Documents/agentos/aginx-os/target/aarch64-aginx/release/deps/libcore-dea5c14f19cb967b.rlib(core-dea5c14f19cb967b.core.cd96b9377012876a-cgu.02.rcgu.o):(.text._ZN4core3fmt9Formatter12pad_integral17ha590b2c4cea606ebE)
        400040c0         400040c0        0     1                 $x
        400040c0         400040c0      3cc     1                 core::fmt::Formatter::pad_integral::ha590b2c4cea606eb
        400044a0         400044a0      314    32         /Users/mac8684/Documents/agentos/aginx-os/target/aarch64-aginx/release/deps/libcore-dea5c14f19cb967b.rlib(core-dea5c14f19cb967b.core.cd96b9377012876a-cgu.02.rcgu.o):(.text._ZN4core3fmt9Formatter3pad17h3b8c2738dd7200bbE)
        400044a0         400044a0        0     1                 $x
        400044a0         400044a0      314     1                 core::fmt::Formatter::pad::h3b8c2738dd7200bb
        400047c0         400047c0       10    16         /Users/mac8684/Documents/agentos/aginx-os/target/aarch64-aginx/release/deps/libcore-dea5c14f19cb967b.rlib(core-dea5c14f19cb967b.core.cd96b9377012876a-cgu.02.rcgu.o):(.text._ZN4core3fmt9Formatter9write_str17h795785d251269c2bE)
        400047c0         400047c0        0     1                 $x
        400047c0         400047c0       10     1                 core::fmt::Formatter::write_str::h795785d251269c2b
        400047c0         400047c0       10     1                 _$LT$core..fmt..Formatter$u20$as$u20$core..fmt..Write$GT$::write_str::h3dbbbe1d1ec2d764
        400047d0         400047d0       3c    16         /Users/mac8684/Documents/agentos/aginx-os/target/aarch64-aginx/release/deps/libcore-dea5c14f19cb967b.rlib(core-dea5c14f19cb967b.core.cd96b9377012876a-cgu.03.rcgu.o):(.text.unlikely._ZN4core5slice5index16slice_index_fail17h72eab656eb141eb9E)
        400047d0         400047d0        0     1                 $x
        400047d0         400047d0       3c     1                 core::slice::index::slice_index_fail::h72eab656eb141eb9
        40004810         40004810       44    16         /Users/mac8684/Documents/agentos/aginx-os/target/aarch64-aginx/release/deps/libcore-dea5c14f19cb967b.rlib(core-dea5c14f19cb967b.core.cd96b9377012876a-cgu.03.rcgu.o):(.text.unlikely._ZN4core5slice5index16slice_index_fail8do_panic7runtime17h1e6a182a7bf8c7b6E)
        40004810         40004810        0     1                 $x
        40004810         40004810       44     1                 core::slice::index::slice_index_fail::do_panic::runtime::h1e6a182a7bf8c7b6
        40004860         40004860       44    16         /Users/mac8684/Documents/agentos/aginx-os/target/aarch64-aginx/release/deps/libcore-dea5c14f19cb967b.rlib(core-dea5c14f19cb967b.core.cd96b9377012876a-cgu.03.rcgu.o):(.text.unlikely._ZN4core5slice5index16slice_index_fail8do_panic7runtime17h3c4ccf8cf0df5bdeE)
        40004860         40004860        0     1                 $x
        40004860         40004860       44     1                 core::slice::index::slice_index_fail::do_panic::runtime::h3c4ccf8cf0df5bde
        40004860         40004860       44     1                 core::slice::index::slice_index_fail::do_panic::runtime::h99bc6a9b1cc21d35
        400048b0         400048b0       44    16         /Users/mac8684/Documents/agentos/aginx-os/target/aarch64-aginx/release/deps/libcore-dea5c14f19cb967b.rlib(core-dea5c14f19cb967b.core.cd96b9377012876a-cgu.03.rcgu.o):(.text.unlikely._ZN4core5slice5index16slice_index_fail8do_panic7runtime17h40f40d856b0b6353E)
        400048b0         400048b0        0     1                 $x
        400048b0         400048b0       44     1                 core::slice::index::slice_index_fail::do_panic::runtime::h40f40d856b0b6353
        400048f4         400048f4       44     4         /Users/mac8684/Documents/agentos/aginx-os/target/aarch64-aginx/release/deps/libcore-dea5c14f19cb967b.rlib(core-dea5c14f19cb967b.core.cd96b9377012876a-cgu.04.rcgu.o):(.text.unlikely._ZN4core9panicking18panic_bounds_check17h7c3e5b4dadc1dce1E)
        400048f4         400048f4        0     1                 $x
        400048f4         400048f4       44     1                 core::panicking::panic_bounds_check::h7c3e5b4dadc1dce1
        40004940         40004940       2c    16         /Users/mac8684/Documents/agentos/aginx-os/target/aarch64-aginx/release/deps/libcore-dea5c14f19cb967b.rlib(core-dea5c14f19cb967b.core.cd96b9377012876a-cgu.04.rcgu.o):(.text.unlikely._ZN4core9panicking5panic17h3c2e793e1b0ecddaE)
        40004940         40004940        0     1                 $x
        40004940         40004940       2c     1                 core::panicking::panic::h3c2e793e1b0ecdda
        40004970         40004970       18    16         /Users/mac8684/Documents/agentos/aginx-os/target/aarch64-aginx/release/deps/libcore-dea5c14f19cb967b.rlib(core-dea5c14f19cb967b.core.cd96b9377012876a-cgu.04.rcgu.o):(.text.unlikely._ZN4core9panicking9panic_fmt17h02c7763787394d06E)
        40004970         40004970        0     1                 $x
        40004970         40004970       18     1                 core::panicking::panic_fmt::h02c7763787394d06
        40004990         40004990       20    16         /Users/mac8684/Documents/agentos/aginx-os/target/aarch64-aginx/release/deps/libcore-dea5c14f19cb967b.rlib(core-dea5c14f19cb967b.core.cd96b9377012876a-cgu.06.rcgu.o):(.text._ZN4core5alloc6layout6Layout19is_size_align_valid17he42ae3751162c17bE)
        40004990         40004990        0     1                 $x
        40004990         40004990       20     1                 core::alloc::layout::Layout::is_size_align_valid::he42ae3751162c17b
        400049b0         400049b0       50    16         /Users/mac8684/Documents/agentos/aginx-os/target/aarch64-aginx/release/deps/libcore-dea5c14f19cb967b.rlib(core-dea5c14f19cb967b.core.cd96b9377012876a-cgu.06.rcgu.o):(.text.unlikely._ZN4core6result13unwrap_failed17h65f0720bf763d65eE)
        400049b0         400049b0        0     1                 $x
        400049b0         400049b0       50     1                 core::result::unwrap_failed::h65f0720bf763d65e
        40004a00         40004a00      140    32         /Users/mac8684/Documents/agentos/aginx-os/target/aarch64-aginx/release/deps/libcore-dea5c14f19cb967b.rlib(core-dea5c14f19cb967b.core.cd96b9377012876a-cgu.08.rcgu.o):(.text._ZN4core3fmt3num3imp52_$LT$impl$u20$core..fmt..Display$u20$for$u20$u64$GT$3fmt17h6c8f1ebfebfef2faE)
        40004a00         40004a00        0     1                 $x
        40004a00         40004a00      140     1                 core::fmt::num::imp::_$LT$impl$u20$core..fmt..Display$u20$for$u20$u64$GT$::fmt::h6c8f1ebfebfef2fa
        40004a00         40004a00      140     1                 core::fmt::num::imp::_$LT$impl$u20$core..fmt..Display$u20$for$u20$usize$GT$::fmt::h02f4cb86624bf427
        40004b40         40004b40      61c    32         /Users/mac8684/Documents/agentos/aginx-os/target/aarch64-aginx/release/deps/libcore-dea5c14f19cb967b.rlib(core-dea5c14f19cb967b.core.cd96b9377012876a-cgu.13.rcgu.o):(.text._ZN4core3str5count14do_count_chars17hc10fa2c5c584da37E)
        40004b40         40004b40        0     1                 $x
        40004b40         40004b40      61c     1                 core::str::count::do_count_chars::hc10fa2c5c584da37
        40005160         40005160      128    32         /Users/mac8684/Documents/agentos/aginx-os/target/aarch64-aginx/release/deps/libcompiler_builtins-498a0267afb171c1.rlib(compiler_builtins-498a0267afb171c1.compiler_builtins.782f3a55589373eb-cgu.04.rcgu.o):(.text.memset)
        40005160         40005160        0     1                 $x
        40005160         40005160      128     1                 memset
        400052a0         400052a0      248    32         /Users/mac8684/Documents/agentos/aginx-os/target/aarch64-aginx/release/deps/libcompiler_builtins-498a0267afb171c1.rlib(compiler_builtins-498a0267afb171c1.compiler_builtins.782f3a55589373eb-cgu.13.rcgu.o):(.text.memcpy)
        400052a0         400052a0        0     1                 $x
        400052a0         400052a0      248     1                 memcpy
        400054f0         400054f0      988    16 .rodata
        400054f0         400054f0       90    16         <internal>:(.rodata.cst16)
        40005580         40005580       10     8         <internal>:(.rodata.cst8)
        40005590         40005590        d     1         /Users/mac8684/Documents/agentos/aginx-os/target/aarch64-aginx/release/deps/aginx_kernel-2dd9713e4b809b9d.aginx_kernel.b16f334f4ea2b851-cgu.0.rcgu.o:(.rodata..Lanon.8f36eb504bdf4ec702803fb19ac94b32.0)
        40005590         40005590        0     1                 $d
        4000559d         4000559d      199     1         <internal>:(.rodata.str1.1)
        40005738         40005738       18     8         /Users/mac8684/Documents/agentos/aginx-os/target/aarch64-aginx/release/deps/aginx_kernel-2dd9713e4b809b9d.aginx_kernel.b16f334f4ea2b851-cgu.0.rcgu.o:(.rodata..Lanon.8f36eb504bdf4ec702803fb19ac94b32.2)
        40005738         40005738        0     1                 $d
        40005750         40005750       13     1         /Users/mac8684/Documents/agentos/aginx-os/target/aarch64-aginx/release/deps/aginx_kernel-2dd9713e4b809b9d.aginx_kernel.b16f334f4ea2b851-cgu.0.rcgu.o:(.rodata..Lanon.8f36eb504bdf4ec702803fb19ac94b32.4)
        40005750         40005750        0     1                 $d
        40005763         40005763        d     1         /Users/mac8684/Documents/agentos/aginx-os/target/aarch64-aginx/release/deps/aginx_kernel-2dd9713e4b809b9d.aginx_kernel.b16f334f4ea2b851-cgu.0.rcgu.o:(.rodata..Lanon.8f36eb504bdf4ec702803fb19ac94b32.5)
        40005763         40005763        0     1                 $d
        40005770         40005770        e     1         /Users/mac8684/Documents/agentos/aginx-os/target/aarch64-aginx/release/deps/aginx_kernel-2dd9713e4b809b9d.aginx_kernel.b16f334f4ea2b851-cgu.0.rcgu.o:(.rodata..Lanon.8f36eb504bdf4ec702803fb19ac94b32.6)
        40005770         40005770        0     1                 $d
        4000577e         4000577e        a     1         /Users/mac8684/Documents/agentos/aginx-os/target/aarch64-aginx/release/deps/aginx_kernel-2dd9713e4b809b9d.aginx_kernel.b16f334f4ea2b851-cgu.0.rcgu.o:(.rodata..Lanon.8f36eb504bdf4ec702803fb19ac94b32.7)
        4000577e         4000577e        0     1                 $d
        40005788         40005788       13     1         /Users/mac8684/Documents/agentos/aginx-os/target/aarch64-aginx/release/deps/aginx_kernel-2dd9713e4b809b9d.aginx_kernel.b16f334f4ea2b851-cgu.0.rcgu.o:(.rodata..Lanon.8f36eb504bdf4ec702803fb19ac94b32.8)
        40005788         40005788        0     1                 $d
        4000579b         4000579b       16     1         /Users/mac8684/Documents/agentos/aginx-os/target/aarch64-aginx/release/deps/aginx_kernel-2dd9713e4b809b9d.aginx_kernel.b16f334f4ea2b851-cgu.0.rcgu.o:(.rodata..Lanon.8f36eb504bdf4ec702803fb19ac94b32.9)
        4000579b         4000579b        0     1                 $d
        400057b1         400057b1        f     1         /Users/mac8684/Documents/agentos/aginx-os/target/aarch64-aginx/release/deps/aginx_kernel-2dd9713e4b809b9d.aginx_kernel.b16f334f4ea2b851-cgu.0.rcgu.o:(.rodata..Lanon.8f36eb504bdf4ec702803fb19ac94b32.10)
        400057b1         400057b1        0     1                 $d
        400057c0         400057c0       12     1         /Users/mac8684/Documents/agentos/aginx-os/target/aarch64-aginx/release/deps/aginx_kernel-2dd9713e4b809b9d.aginx_kernel.b16f334f4ea2b851-cgu.0.rcgu.o:(.rodata..Lanon.8f36eb504bdf4ec702803fb19ac94b32.11)
        400057c0         400057c0        0     1                 $d
        400057d2         400057d2        c     1         /Users/mac8684/Documents/agentos/aginx-os/target/aarch64-aginx/release/deps/aginx_kernel-2dd9713e4b809b9d.aginx_kernel.b16f334f4ea2b851-cgu.0.rcgu.o:(.rodata..Lanon.8f36eb504bdf4ec702803fb19ac94b32.12)
        400057d2         400057d2        0     1                 $d
        400057de         400057de       15     1         /Users/mac8684/Documents/agentos/aginx-os/target/aarch64-aginx/release/deps/aginx_kernel-2dd9713e4b809b9d.aginx_kernel.b16f334f4ea2b851-cgu.0.rcgu.o:(.rodata..Lanon.8f36eb504bdf4ec702803fb19ac94b32.13)
        400057de         400057de        0     1                 $d
        400057f3         400057f3       34     1         /Users/mac8684/Documents/agentos/aginx-os/target/aarch64-aginx/release/deps/aginx_kernel-2dd9713e4b809b9d.aginx_kernel.b16f334f4ea2b851-cgu.0.rcgu.o:(.rodata..Lanon.8f36eb504bdf4ec702803fb19ac94b32.14)
        400057f3         400057f3        0     1                 $d
        40005827         40005827        c     1         /Users/mac8684/Documents/agentos/aginx-os/target/aarch64-aginx/release/deps/aginx_kernel-2dd9713e4b809b9d.aginx_kernel.b16f334f4ea2b851-cgu.0.rcgu.o:(.rodata..Lanon.8f36eb504bdf4ec702803fb19ac94b32.15)
        40005827         40005827        0     1                 $d
        40005833         40005833       1a     1         /Users/mac8684/Documents/agentos/aginx-os/target/aarch64-aginx/release/deps/aginx_kernel-2dd9713e4b809b9d.aginx_kernel.b16f334f4ea2b851-cgu.0.rcgu.o:(.rodata..Lanon.8f36eb504bdf4ec702803fb19ac94b32.16)
        40005833         40005833        0     1                 $d
        4000584d         4000584d       14     1         /Users/mac8684/Documents/agentos/aginx-os/target/aarch64-aginx/release/deps/aginx_kernel-2dd9713e4b809b9d.aginx_kernel.b16f334f4ea2b851-cgu.0.rcgu.o:(.rodata..Lanon.8f36eb504bdf4ec702803fb19ac94b32.17)
        4000584d         4000584d        0     1                 $d
        40005861         40005861       11     1         /Users/mac8684/Documents/agentos/aginx-os/target/aarch64-aginx/release/deps/aginx_kernel-2dd9713e4b809b9d.aginx_kernel.b16f334f4ea2b851-cgu.0.rcgu.o:(.rodata..Lanon.8f36eb504bdf4ec702803fb19ac94b32.19)
        40005861         40005861        0     1                 $d
        40005872         40005872       19     1         /Users/mac8684/Documents/agentos/aginx-os/target/aarch64-aginx/release/deps/aginx_kernel-2dd9713e4b809b9d.aginx_kernel.b16f334f4ea2b851-cgu.0.rcgu.o:(.rodata..Lanon.8f36eb504bdf4ec702803fb19ac94b32.20)
        40005872         40005872        0     1                 $d
        4000588b         4000588b       13     1         /Users/mac8684/Documents/agentos/aginx-os/target/aarch64-aginx/release/deps/aginx_kernel-2dd9713e4b809b9d.aginx_kernel.b16f334f4ea2b851-cgu.0.rcgu.o:(.rodata..Lanon.8f36eb504bdf4ec702803fb19ac94b32.21)
        4000588b         4000588b        0     1                 $d
        4000589e         4000589e        c     1         /Users/mac8684/Documents/agentos/aginx-os/target/aarch64-aginx/release/deps/aginx_kernel-2dd9713e4b809b9d.aginx_kernel.b16f334f4ea2b851-cgu.0.rcgu.o:(.rodata..Lanon.8f36eb504bdf4ec702803fb19ac94b32.22)
        4000589e         4000589e        0     1                 $d
        400058aa         400058aa       1b     1         /Users/mac8684/Documents/agentos/aginx-os/target/aarch64-aginx/release/deps/aginx_kernel-2dd9713e4b809b9d.aginx_kernel.b16f334f4ea2b851-cgu.0.rcgu.o:(.rodata..Lanon.8f36eb504bdf4ec702803fb19ac94b32.24)
        400058aa         400058aa        0     1                 $d
        400058c5         400058c5        f     1         /Users/mac8684/Documents/agentos/aginx-os/target/aarch64-aginx/release/deps/aginx_kernel-2dd9713e4b809b9d.aginx_kernel.b16f334f4ea2b851-cgu.0.rcgu.o:(.rodata..Lanon.8f36eb504bdf4ec702803fb19ac94b32.25)
        400058c5         400058c5        0     1                 $d
        400058d4         400058d4       17     1         /Users/mac8684/Documents/agentos/aginx-os/target/aarch64-aginx/release/deps/aginx_kernel-2dd9713e4b809b9d.aginx_kernel.b16f334f4ea2b851-cgu.0.rcgu.o:(.rodata..Lanon.8f36eb504bdf4ec702803fb19ac94b32.26)
        400058d4         400058d4        0     1                 $d
        400058eb         400058eb        c     1         /Users/mac8684/Documents/agentos/aginx-os/target/aarch64-aginx/release/deps/aginx_kernel-2dd9713e4b809b9d.aginx_kernel.b16f334f4ea2b851-cgu.0.rcgu.o:(.rodata..Lanon.8f36eb504bdf4ec702803fb19ac94b32.27)
        400058eb         400058eb        0     1                 $d
        400058f7         400058f7        a     1         /Users/mac8684/Documents/agentos/aginx-os/target/aarch64-aginx/release/deps/aginx_kernel-2dd9713e4b809b9d.aginx_kernel.b16f334f4ea2b851-cgu.0.rcgu.o:(.rodata..Lanon.8f36eb504bdf4ec702803fb19ac94b32.28)
        400058f7         400058f7        0     1                 $d
        40005901         40005901       16     1         /Users/mac8684/Documents/agentos/aginx-os/target/aarch64-aginx/release/deps/aginx_kernel-2dd9713e4b809b9d.aginx_kernel.b16f334f4ea2b851-cgu.0.rcgu.o:(.rodata..Lanon.8f36eb504bdf4ec702803fb19ac94b32.29)
        40005901         40005901        0     1                 $d
        40005917         40005917        b     1         /Users/mac8684/Documents/agentos/aginx-os/target/aarch64-aginx/release/deps/aginx_kernel-2dd9713e4b809b9d.aginx_kernel.b16f334f4ea2b851-cgu.0.rcgu.o:(.rodata..Lanon.8f36eb504bdf4ec702803fb19ac94b32.30)
        40005917         40005917        0     1                 $d
        40005922         40005922       1c     1         /Users/mac8684/Documents/agentos/aginx-os/target/aarch64-aginx/release/deps/aginx_kernel-2dd9713e4b809b9d.aginx_kernel.b16f334f4ea2b851-cgu.0.rcgu.o:(.rodata..Lanon.8f36eb504bdf4ec702803fb19ac94b32.31)
        40005922         40005922        0     1                 $d
        4000593e         4000593e        9     1         /Users/mac8684/Documents/agentos/aginx-os/target/aarch64-aginx/release/deps/aginx_kernel-2dd9713e4b809b9d.aginx_kernel.b16f334f4ea2b851-cgu.0.rcgu.o:(.rodata..Lanon.8f36eb504bdf4ec702803fb19ac94b32.38)
        4000593e         4000593e        0     1                 $d
        40005947         40005947        9     1         /Users/mac8684/Documents/agentos/aginx-os/target/aarch64-aginx/release/deps/aginx_kernel-2dd9713e4b809b9d.aginx_kernel.b16f334f4ea2b851-cgu.0.rcgu.o:(.rodata..Lanon.8f36eb504bdf4ec702803fb19ac94b32.39)
        40005947         40005947        0     1                 $d
        40005950         40005950        9     1         /Users/mac8684/Documents/agentos/aginx-os/target/aarch64-aginx/release/deps/aginx_kernel-2dd9713e4b809b9d.aginx_kernel.b16f334f4ea2b851-cgu.0.rcgu.o:(.rodata..Lanon.8f36eb504bdf4ec702803fb19ac94b32.40)
        40005950         40005950        0     1                 $d
        40005959         40005959       24     1         /Users/mac8684/Documents/agentos/aginx-os/target/aarch64-aginx/release/deps/aginx_kernel-2dd9713e4b809b9d.aginx_kernel.b16f334f4ea2b851-cgu.0.rcgu.o:(.rodata..Lanon.8f36eb504bdf4ec702803fb19ac94b32.41)
        40005959         40005959        0     1                 $d
        4000597d         4000597d       2e     1         /Users/mac8684/Documents/agentos/aginx-os/target/aarch64-aginx/release/deps/aginx_kernel-2dd9713e4b809b9d.aginx_kernel.b16f334f4ea2b851-cgu.0.rcgu.o:(.rodata..Lanon.8f36eb504bdf4ec702803fb19ac94b32.42)
        4000597d         4000597d        0     1                 $d
        400059b0         400059b0       18     8         /Users/mac8684/Documents/agentos/aginx-os/target/aarch64-aginx/release/deps/aginx_kernel-2dd9713e4b809b9d.aginx_kernel.b16f334f4ea2b851-cgu.0.rcgu.o:(.rodata..Lanon.8f36eb504bdf4ec702803fb19ac94b32.43)
        400059b0         400059b0        0     1                 $d
        400059c8         400059c8       18     8         /Users/mac8684/Documents/agentos/aginx-os/target/aarch64-aginx/release/deps/aginx_kernel-2dd9713e4b809b9d.aginx_kernel.b16f334f4ea2b851-cgu.0.rcgu.o:(.rodata..Lanon.8f36eb504bdf4ec702803fb19ac94b32.44)
        400059c8         400059c8        0     1                 $d
        400059e0         400059e0       2b     1         /Users/mac8684/Documents/agentos/aginx-os/target/aarch64-aginx/release/deps/liblinked_list_allocator-a3d127e1636f8e62.rlib(linked_list_allocator-a3d127e1636f8e62.linked_list_allocator.992a4f08e3b01493-cgu.0.rcgu.o):(.rodata..Lanon.e4c0dac2a206171abbc038c1a2f0591d.6)
        400059e0         400059e0        0     1                 $d
        40005a10         40005a10       18     8         /Users/mac8684/Documents/agentos/aginx-os/target/aarch64-aginx/release/deps/liblinked_list_allocator-a3d127e1636f8e62.rlib(linked_list_allocator-a3d127e1636f8e62.linked_list_allocator.992a4f08e3b01493-cgu.0.rcgu.o):(.rodata..Lanon.e4c0dac2a206171abbc038c1a2f0591d.7)
        40005a10         40005a10        0     1                 $d
        40005a28         40005a28       18     8         /Users/mac8684/Documents/agentos/aginx-os/target/aarch64-aginx/release/deps/liblinked_list_allocator-a3d127e1636f8e62.rlib(linked_list_allocator-a3d127e1636f8e62.linked_list_allocator.992a4f08e3b01493-cgu.0.rcgu.o):(.rodata..Lanon.e4c0dac2a206171abbc038c1a2f0591d.8)
        40005a28         40005a28        0     1                 $d
        40005a40         40005a40        c     1         /Users/mac8684/Documents/agentos/aginx-os/target/aarch64-aginx/release/deps/liblinked_list_allocator-a3d127e1636f8e62.rlib(linked_list_allocator-a3d127e1636f8e62.linked_list_allocator.992a4f08e3b01493-cgu.0.rcgu.o):(.rodata..Lanon.e4c0dac2a206171abbc038c1a2f0591d.9)
        40005a40         40005a40        0     1                 $d
        40005a4c         40005a4c       19     1         /Users/mac8684/Documents/agentos/aginx-os/target/aarch64-aginx/release/deps/liblinked_list_allocator-a3d127e1636f8e62.rlib(linked_list_allocator-a3d127e1636f8e62.linked_list_allocator.992a4f08e3b01493-cgu.0.rcgu.o):(.rodata..Lanon.e4c0dac2a206171abbc038c1a2f0591d.10)
        40005a4c         40005a4c        0     1                 $d
        40005a65         40005a65        1     1         /Users/mac8684/Documents/agentos/aginx-os/target/aarch64-aginx/release/deps/liblinked_list_allocator-a3d127e1636f8e62.rlib(linked_list_allocator-a3d127e1636f8e62.linked_list_allocator.992a4f08e3b01493-cgu.0.rcgu.o):(.rodata..Lanon.e4c0dac2a206171abbc038c1a2f0591d.11)
        40005a65         40005a65        0     1                 $d
        40005a66         40005a66        d     1         /Users/mac8684/Documents/agentos/aginx-os/target/aarch64-aginx/release/deps/liblinked_list_allocator-a3d127e1636f8e62.rlib(linked_list_allocator-a3d127e1636f8e62.linked_list_allocator.992a4f08e3b01493-cgu.0.rcgu.o):(.rodata..Lanon.e4c0dac2a206171abbc038c1a2f0591d.12)
        40005a66         40005a66        0     1                 $d
        40005a78         40005a78       40     8         /Users/mac8684/Documents/agentos/aginx-os/target/aarch64-aginx/release/deps/liblinked_list_allocator-a3d127e1636f8e62.rlib(linked_list_allocator-a3d127e1636f8e62.linked_list_allocator.992a4f08e3b01493-cgu.0.rcgu.o):(.rodata..Lanon.e4c0dac2a206171abbc038c1a2f0591d.13)
        40005a78         40005a78        0     1                 $d
        40005ab8         40005ab8       18     8         /Users/mac8684/Documents/agentos/aginx-os/target/aarch64-aginx/release/deps/liblinked_list_allocator-a3d127e1636f8e62.rlib(linked_list_allocator-a3d127e1636f8e62.linked_list_allocator.992a4f08e3b01493-cgu.0.rcgu.o):(.rodata..Lanon.e4c0dac2a206171abbc038c1a2f0591d.14)
        40005ab8         40005ab8        0     1                 $d
        40005ad0         40005ad0       20     8         /Users/mac8684/Documents/agentos/aginx-os/target/aarch64-aginx/release/deps/liblinked_list_allocator-a3d127e1636f8e62.rlib(linked_list_allocator-a3d127e1636f8e62.linked_list_allocator.992a4f08e3b01493-cgu.0.rcgu.o):(.rodata..Lanon.e4c0dac2a206171abbc038c1a2f0591d.15)
        40005ad0         40005ad0        0     1                 $d
        40005af0         40005af0       2b     1         /Users/mac8684/Documents/agentos/aginx-os/target/aarch64-aginx/release/deps/liblinked_list_allocator-a3d127e1636f8e62.rlib(linked_list_allocator-a3d127e1636f8e62.linked_list_allocator.992a4f08e3b01493-cgu.0.rcgu.o):(.rodata..Lanon.e4c0dac2a206171abbc038c1a2f0591d.16)
        40005af0         40005af0        0     1                 $d
        40005b20         40005b20       18     8         /Users/mac8684/Documents/agentos/aginx-os/target/aarch64-aginx/release/deps/liblinked_list_allocator-a3d127e1636f8e62.rlib(linked_list_allocator-a3d127e1636f8e62.linked_list_allocator.992a4f08e3b01493-cgu.0.rcgu.o):(.rodata..Lanon.e4c0dac2a206171abbc038c1a2f0591d.17)
        40005b20         40005b20        0     1                 $d
        40005b38         40005b38       30     1         /Users/mac8684/Documents/agentos/aginx-os/target/aarch64-aginx/release/deps/liblinked_list_allocator-a3d127e1636f8e62.rlib(linked_list_allocator-a3d127e1636f8e62.linked_list_allocator.992a4f08e3b01493-cgu.0.rcgu.o):(.rodata..Lanon.e4c0dac2a206171abbc038c1a2f0591d.18)
        40005b38         40005b38        0     1                 $d
        40005b68         40005b68       18     8         /Users/mac8684/Documents/agentos/aginx-os/target/aarch64-aginx/release/deps/liblinked_list_allocator-a3d127e1636f8e62.rlib(linked_list_allocator-a3d127e1636f8e62.linked_list_allocator.992a4f08e3b01493-cgu.0.rcgu.o):(.rodata..Lanon.e4c0dac2a206171abbc038c1a2f0591d.19)
        40005b68         40005b68        0     1                 $d
        40005b80         40005b80       38     1         /Users/mac8684/Documents/agentos/aginx-os/target/aarch64-aginx/release/deps/liblinked_list_allocator-a3d127e1636f8e62.rlib(linked_list_allocator-a3d127e1636f8e62.linked_list_allocator.992a4f08e3b01493-cgu.0.rcgu.o):(.rodata..Lanon.e4c0dac2a206171abbc038c1a2f0591d.20)
        40005b80         40005b80        0     1                 $d
        40005bb8         40005bb8       18     8         /Users/mac8684/Documents/agentos/aginx-os/target/aarch64-aginx/release/deps/liblinked_list_allocator-a3d127e1636f8e62.rlib(linked_list_allocator-a3d127e1636f8e62.linked_list_allocator.992a4f08e3b01493-cgu.0.rcgu.o):(.rodata..Lanon.e4c0dac2a206171abbc038c1a2f0591d.21)
        40005bb8         40005bb8        0     1                 $d
        40005bd0         40005bd0       29     1         /Users/mac8684/Documents/agentos/aginx-os/target/aarch64-aginx/release/deps/liblinked_list_allocator-a3d127e1636f8e62.rlib(linked_list_allocator-a3d127e1636f8e62.linked_list_allocator.992a4f08e3b01493-cgu.0.rcgu.o):(.rodata..Lanon.e4c0dac2a206171abbc038c1a2f0591d.25)
        40005bd0         40005bd0        0     1                 $d
        40005c00         40005c00       10     8         /Users/mac8684/Documents/agentos/aginx-os/target/aarch64-aginx/release/deps/liblinked_list_allocator-a3d127e1636f8e62.rlib(linked_list_allocator-a3d127e1636f8e62.linked_list_allocator.992a4f08e3b01493-cgu.0.rcgu.o):(.rodata..Lanon.e4c0dac2a206171abbc038c1a2f0591d.26)
        40005c00         40005c00        0     1                 $d
        40005c10         40005c10       18     8         /Users/mac8684/Documents/agentos/aginx-os/target/aarch64-aginx/release/deps/liblinked_list_allocator-a3d127e1636f8e62.rlib(linked_list_allocator-a3d127e1636f8e62.linked_list_allocator.992a4f08e3b01493-cgu.0.rcgu.o):(.rodata..Lanon.e4c0dac2a206171abbc038c1a2f0591d.28)
        40005c10         40005c10        0     1                 $d
        40005c28         40005c28        b     1         /Users/mac8684/Documents/agentos/aginx-os/target/aarch64-aginx/release/deps/liblinked_list_allocator-a3d127e1636f8e62.rlib(linked_list_allocator-a3d127e1636f8e62.linked_list_allocator.992a4f08e3b01493-cgu.0.rcgu.o):(.rodata..Lanon.e4c0dac2a206171abbc038c1a2f0591d.30)
        40005c28         40005c28        0     1                 $d
        40005c33         40005c33       11     1         /Users/mac8684/Documents/agentos/aginx-os/target/aarch64-aginx/release/deps/liballoc-a95f3b0fe5448e47.rlib(alloc-a95f3b0fe5448e47.alloc.bd0f4801ad55ab0f-cgu.0.rcgu.o):(.rodata..Lanon.b9f8b6de89c55ee978d13f561d68775d.2)
        40005c33         40005c33        0     1                 $d
        40005c48         40005c48       10     8         /Users/mac8684/Documents/agentos/aginx-os/target/aarch64-aginx/release/deps/liballoc-a95f3b0fe5448e47.rlib(alloc-a95f3b0fe5448e47.alloc.bd0f4801ad55ab0f-cgu.0.rcgu.o):(.rodata..Lanon.b9f8b6de89c55ee978d13f561d68775d.3)
        40005c48         40005c48        0     1                 $d
        40005c58         40005c58       18     8         /Users/mac8684/Documents/agentos/aginx-os/target/aarch64-aginx/release/deps/liballoc-a95f3b0fe5448e47.rlib(alloc-a95f3b0fe5448e47.alloc.bd0f4801ad55ab0f-cgu.0.rcgu.o):(.rodata..Lanon.b9f8b6de89c55ee978d13f561d68775d.5)
        40005c58         40005c58        0     1                 $d
        40005c70         40005c70       c8     1         /Users/mac8684/Documents/agentos/aginx-os/target/aarch64-aginx/release/deps/libcore-dea5c14f19cb967b.rlib(core-dea5c14f19cb967b.core.cd96b9377012876a-cgu.01.rcgu.o):(.rodata.anon.b3cc9b259646d8e1e7f29296e31a08b9.0.llvm.2887919265875301782)
        40005c70         40005c70        0     1                 $d
        40005c70         40005c70       c8     1                 anon.b3cc9b259646d8e1e7f29296e31a08b9.0.llvm.2887919265875301782
        40005d38         40005d38        2     1         /Users/mac8684/Documents/agentos/aginx-os/target/aarch64-aginx/release/deps/libcore-dea5c14f19cb967b.rlib(core-dea5c14f19cb967b.core.cd96b9377012876a-cgu.01.rcgu.o):(.rodata.anon.b3cc9b259646d8e1e7f29296e31a08b9.8.llvm.2887919265875301782)
        40005d38         40005d38        0     1                 $d
        40005d38         40005d38        2     1                 anon.b3cc9b259646d8e1e7f29296e31a08b9.8.llvm.2887919265875301782
        40005d3a         40005d3a       12     1         /Users/mac8684/Documents/agentos/aginx-os/target/aarch64-aginx/release/deps/libcore-dea5c14f19cb967b.rlib(core-dea5c14f19cb967b.core.cd96b9377012876a-cgu.03.rcgu.o):(.rodata..Lanon.1cf4618b51d46d2b45cb0a1ea109889a.17)
        40005d3a         40005d3a        0     1                 $d
        40005d4c         40005d4c       22     1         /Users/mac8684/Documents/agentos/aginx-os/target/aarch64-aginx/release/deps/libcore-dea5c14f19cb967b.rlib(core-dea5c14f19cb967b.core.cd96b9377012876a-cgu.03.rcgu.o):(.rodata..Lanon.1cf4618b51d46d2b45cb0a1ea109889a.18)
        40005d4c         40005d4c        0     1                 $d
        40005d70         40005d70       20     8         /Users/mac8684/Documents/agentos/aginx-os/target/aarch64-aginx/release/deps/libcore-dea5c14f19cb967b.rlib(core-dea5c14f19cb967b.core.cd96b9377012876a-cgu.03.rcgu.o):(.rodata..Lanon.1cf4618b51d46d2b45cb0a1ea109889a.19)
        40005d70         40005d70        0     1                 $d
        40005d90         40005d90       20     8         /Users/mac8684/Documents/agentos/aginx-os/target/aarch64-aginx/release/deps/libcore-dea5c14f19cb967b.rlib(core-dea5c14f19cb967b.core.cd96b9377012876a-cgu.03.rcgu.o):(.rodata..Lanon.1cf4618b51d46d2b45cb0a1ea109889a.21)
        40005d90         40005d90        0     1                 $d
        40005db0         40005db0       16     1         /Users/mac8684/Documents/agentos/aginx-os/target/aarch64-aginx/release/deps/libcore-dea5c14f19cb967b.rlib(core-dea5c14f19cb967b.core.cd96b9377012876a-cgu.03.rcgu.o):(.rodata..Lanon.1cf4618b51d46d2b45cb0a1ea109889a.22)
        40005db0         40005db0        0     1                 $d
        40005dc6         40005dc6        d     1         /Users/mac8684/Documents/agentos/aginx-os/target/aarch64-aginx/release/deps/libcore-dea5c14f19cb967b.rlib(core-dea5c14f19cb967b.core.cd96b9377012876a-cgu.03.rcgu.o):(.rodata..Lanon.1cf4618b51d46d2b45cb0a1ea109889a.23)
        40005dc6         40005dc6        0     1                 $d
        40005dd8         40005dd8       20     8         /Users/mac8684/Documents/agentos/aginx-os/target/aarch64-aginx/release/deps/libcore-dea5c14f19cb967b.rlib(core-dea5c14f19cb967b.core.cd96b9377012876a-cgu.03.rcgu.o):(.rodata..Lanon.1cf4618b51d46d2b45cb0a1ea109889a.24)
        40005dd8         40005dd8        0     1                 $d
        40005df8         40005df8       20     1         <internal>:(.rodata.cst32)
        40005e18         40005e18       12     1         /Users/mac8684/Documents/agentos/aginx-os/target/aarch64-aginx/release/deps/libcore-dea5c14f19cb967b.rlib(core-dea5c14f19cb967b.core.cd96b9377012876a-cgu.04.rcgu.o):(.rodata..Lanon.114765d69ad91c8bc410ad8b7da95ab8.46)
        40005e18         40005e18        0     1                 $d
        40005e30         40005e30       20     8         /Users/mac8684/Documents/agentos/aginx-os/target/aarch64-aginx/release/deps/libcore-dea5c14f19cb967b.rlib(core-dea5c14f19cb967b.core.cd96b9377012876a-cgu.04.rcgu.o):(.rodata..Lanon.114765d69ad91c8bc410ad8b7da95ab8.47)
        40005e30         40005e30        0     1                 $d
        40005e50         40005e50        2     1         /Users/mac8684/Documents/agentos/aginx-os/target/aarch64-aginx/release/deps/libcore-dea5c14f19cb967b.rlib(core-dea5c14f19cb967b.core.cd96b9377012876a-cgu.06.rcgu.o):(.rodata..Lanon.98487dc8e3cfa34237c5e53096a875cc.43)
        40005e50         40005e50        0     1                 $d
        40005e58         40005e58       20     8         /Users/mac8684/Documents/agentos/aginx-os/target/aarch64-aginx/release/deps/libcore-dea5c14f19cb967b.rlib(core-dea5c14f19cb967b.core.cd96b9377012876a-cgu.06.rcgu.o):(.rodata..Lanon.98487dc8e3cfa34237c5e53096a875cc.44)
        40005e58         40005e58        0     1                 $d
        40005e78         40005e78     4048     8 .bss
        40005e78         40005e78        0     1         __bss_start = .
        40005e78         40005e78     4000     8         /Users/mac8684/Documents/agentos/aginx-os/target/aarch64-aginx/release/deps/aginx_kernel-2dd9713e4b809b9d.aginx_kernel.b16f334f4ea2b851-cgu.0.rcgu.o:(.bss._ZN12aginx_kernel11frame_alloc6BITMAP17h8082754ab9c7d1d6E)
        40005e78         40005e78     4000     1                 aginx_kernel::frame_alloc::BITMAP::h8082754ab9c7d1d6
        40005e78         40005e78        0     1                 $d
        40009e78         40009e78       48     8         /Users/mac8684/Documents/agentos/aginx-os/target/aarch64-aginx/release/deps/aginx_kernel-2dd9713e4b809b9d.aginx_kernel.b16f334f4ea2b851-cgu.0.rcgu.o:(.bss..L_MergedGlobals)
        40009e78         40009e78        0     1                 $d
        40009e78         40009e78        8     1                 aginx_kernel::interrupt::TIMER_FREQ::h225e40500b8618a7 (.0)
        40009e80         40009e80        8     1                 aginx_kernel::interrupt::TICKS::h5131b33945e94a6f
        40009e88         40009e88       38     1                 aginx_kernel::allocator::ALLOCATOR::h185f6cdbcc6d3525
        40009ec0         40009ec0        0     1         . = ALIGN(16)
        40009ec0         40009ec0        0     1         __bss_end = .
        40009ec0         40009ec0        0     1 __kernel_end = ADDR(.bss) + SIZEOF(.bss)
        40009ec0         40009ec0      140     1 . = ALIGN(4096)
        4000a000         4000a000        0     1 __page_table_start = .
        4000a000         4000a000     4000     1 . = . + 0x4000
        4000e000         4000e000        0     1 __page_table_end = .
        4000e000         4000e000  7ff2000     1 . = 0x48000000
        48000000         48000000        0     1 __stack_top = .
               0                0     1608     8 .symtab
               0                0     1608     8         <internal>:(.symtab)
               0                0     14e9     1 .strtab
               0                0     14e9     1         <internal>:(.strtab)
               0                0       2e     1 .shstrtab
               0                0       2e     1         <internal>:(.shstrtab)
